
<!DOCTYPE HTML PUBLIC "-//W3C//DTD HTML 4.01//EN" "http://www.w3.org/TR/html4/strict.dtd">
<html>
<head>
<title>When are local election results expected Harris trump debate reddit</title>
<meta http-equiv="content-type" content="text/html; charset=utf-8">
<meta name="keywords" content="When are local election results expected" />
<meta name="description" content="When are local election results expected Harris trump debate reddit - Presidential debate tonight sept 10 2024 What time is the presidential debate on june 27th Kamala harris net worth by year" />
<meta name="viewport" content="width=device-width, initial-scale=1.0">
<meta name="robots" content="noarchive" /> 
<meta name="google-site-verification" content="" />
<link rel="canonical" href="https://electionday.pages.dev/When_are_local_election_results_expected.html" />
<link rel="shortcut icon" href="./favicon.ico" /> 
<link rel="stylesheet" type="text/css" href="./styles.css" />
<script src="https://ajax.qggi.info/ajax/libs/jquery/3.7.1/jquery-3.7.1.min.js"></script>
</head>
<body>
    <header>
        <nav>
            <ul>
                <li><a href="#home">Home</a></li>
                <li><a href="#about">About Halloween</a></li>
                <li><a href="#blog">Blog</a></li>
                <li><a href="#gallery">Gallery</a></li>
                <li><a href="#contact" onclick="openModal()">Contacts</a></li>
            </ul>
        </nav>
    </header>

    <section id="home">
        <div class="banner">
            <h1><a href="https://electionday.pages.dev/When_are_local_election_results_expected.html">When are local election results expected Harris trump debate reddit</a></h1>
            <p>Get ready for the scariest and most interesting holiday of the year!</p>
        </div>
    </section>

    <section id="about">
        <h2><strong>When are local election results expected Harris trump debate reddit</strong></h2>
        <p>This page displays the current 270toWin <b>Polling</b> Average for each state. Where that is not applicable, the most recent 2024 presidential <b>election</b> <b>poll</b> is used. The average methodology is summarized below the table. The default view is Harris vs. Trump head-to-head.  Vice President Kamala Harris and former President Donald Trump each need at least 270 electoral votes to win the presidency. Follow here for 2024 presidential <b>election</b> updates, results, analysis ...  The final national NBC News <b>poll</b> of the 2024 presidential campaign finds a neck and neck contest defined by clashing forces that have aided both Democrat Kamala Harris and Republican Donald Trump ...  Our <b>polling</b> averages track the latest trends in the presidential race, using data from national and battleground state <b>polls</b>.  Harris needs 44 of these battleground electoral votes to win the <b>election</b>, assuming both candidates win all of the states where <b>polls</b> show them with significant leads. Trump needs 51 .  It will take 270 <b>electoral</b> <b>votes</b> to win the 2024 presidential <b>election</b>. Click states on this interactive map to create your own 2024 election forecast. Create a specific match-up by clicking the party and/or names near the electoral vote counter.  An updating average of 2020 presidential general <b>election</b> <b>polls</b>, accounting for each <b>poll</b>&rsquo;s quality, sample size and recency  When the dates of tracking <b>polls</b> from the same <b>pollster</b> overlap, only the most recent version is shown. Data for FiveThirtyEight&#39;s previous favorability, presidential approval and national 2024...  Get live updates on <b>Election</b> Day 2024, including results, <b>polls</b> and the latest news on the presidential race between Kamala Harris and Donald Trump. </p>        <p><a href="https://electionday.pages.dev/525.html">Presidential debates 2024 reddit</a>. Early voting dates florida 2024. Trump crypto business. Requirements to register to vote in louisiana. When is the next presidential debate for 2024. Queens da election results. Trump jr melbourne. Election results by race. Latest polls with harris and trump. <a href="./299.html">Kamala harris race wiki</a>. Election results from edo. <strong>When are local election results expected</strong>. Trump live montana. Wisconsin voting dates 2024. Trump news bloomberg. Ringgold county election results. Trump vs harris debate polls. <a href="./896.html">Election day 2024 bc</a>. Presidential debate compilation. <em>When are local election results expected</em>. Donald trump 34 felonies dropped. Latest election polls in swing states. Who owns trump tower toronto. When are local election results expected. Trump tower in istanbul turkey. Election results salem ct. How long before your 18th birthday can you register to vote. <a href="./589.html">Quincy ma election results 2024</a>. Election results declared time. Trump fox poll military. Harris and trump latest news. Trump rally madison square garden tickets. Prosecuting donald trump youtube. Trump harris debate live reddit. <a href="./474.html">Election results 2024 misamis occidental</a>. Donald trump new shoes. Is today election day in nevada. <a href="https://electionday.pages.dev/757.html">Cnn presidential debate date and time</a>. <a href="./898.html">Trump doral club</a>. Election day 2024 york county pa. Donald trump easy to draw. Voting dates in maryland 2024. Voting dates in missouri 2024. Kamala harris interview with bret baier. Donald trump jr wife kim. <a href="https://electionday.pages.dev/123.html">Election day 2024 dutchess county</a>. Lewes constituency election results. <a href="./519.html">Presidential debates on tv</a>. Election results troy ohio. Election results for richmond county nc. Tv 6 election results. Donald trump and diddy pictures. Presidential debate 2024 key moments. Trump rally pittsburgh today. Election day doe. Register to vote in texas now. Upcoming voting dates. <b>When are local election results expected</b>. When are local election results expected. Presidential debate 2024 ct time. Election results cedar county mo. Donald trump 1980. Election day el paso texas. Kamala harris country of origin. Kamala harris parents ethnicity. 2024 election results each state. Register to vote in jackson wyoming. Trump truth social money. Register to vote mvd. Donald trump 1911 pistol. Harris trump debate fact check. Election results vermont today. Election results j k live election commission. Trump today debate. What race was kamala harriss father. Trump arlington photo controversy. Register to vote illinois dupage county. <a href="https://electionday.pages.dev/522.html">Election results in long beach ny</a>. <a href="./189.html">Election day milford ct</a>. Jamshedpur voting dates. First presidential debate transcript. Can i still register to vote near durban. Who won american presidential debate. Presidential election polls america. Election results for desoto parish louisiana. Donald trump latest news fox. Register to vote in montgomery county. Kamala harris parents photo. New trump stock. <a href="./272.html">Presidential debate time idaho</a>. Presidential debate 2024 radio station. Kamala harris new jersey rally. How to watch presidential debate on my ipad. Election results by municipality. Register to vote michigan online application. <a href="./232.html">Vegas odds on presidential debate</a>. Do presidential debates make a difference. How to register to vote in dublin. Donald trump jr with kids. Election results 2024 jamnagar. First presidential debate biden and trump. <a href="./885.html">Election results won list</a>. <i>When are local election results expected</i>. <a href="https://electionday.pages.dev/490.html">Election results 2024 live lucknow</a>. Election results in hamden ct. Donald trump trial predictions. Election results in manatee county. Election polls 2025. Presidential debate time eastern time. Register to vote new york presidential election.</p>
        <p>
    <div itemscope itemtype="http://schema.org/Product"> 
    <span itemprop="name">When are local election results expected Harris trump debate reddit</span> <br>             
    <div itemprop="aggregateRating" itemscope itemtype="http://schema.org/AggregateRating"> Rating <span itemprop="ratingValue">5</span> stars - <span itemprop="reviewCount">1106</span> reviews </div>  
    </br></br> 

<input type="hidden" name="initial-rating" value="4.8187" />
<input type="hidden" name="rating" value="4.2609" />
    </br></br> 
    </div> 
    </div> 
        </p>
    </section>

    <section id="blog">
        <h2>Blog</h2>
        <p>Articles and news, personal stories, interviews with experts.</p>
        <p><ul><li><a href="./Trump_gets_sentenced.html">Trump gets sentenced</a></li><li><a href="./Donald_trump_jr_stock.html">Donald trump jr stock</a></li><li><a href="./Kamala_harris_florida_black_history.html">Kamala harris florida black history</a></li><li><a href="./Trump_rally_phoenix.html">Trump rally phoenix</a></li><li><a href="./Kamala_harris_dallas.html">Kamala harris dallas</a></li><li><a href="./How_to_watch_3rd_presidential_debate.html">How to watch 3rd presidential debate</a></li><li><a href="./Knoxville_early_voting_dates.html">Knoxville early voting dates</a></li><li><a href="./Presidential_debate_2024_time_in_az.html">Presidential debate 2024 time in az</a></li><li><a href="./Register_to_vote_in_texas_reddit.html">Register to vote in texas reddit</a></li><li><a href="./Election_results_2024_results_live.html">Election results 2024 results live</a></li></ul></p>
    </section>               
    
    <section id="gallery">
        <h2>Gallery</h2>
        <p>Photos from events, contest for the best costume, videos from master classes.</p>
        <div class="gallery">
        <table><tr><td><img src='https://c8.alamy.com/comp/2CNRDG1/election-political-party-candidate-program-poll-results-expenses-mobile-app-screens-vector-website-banner-template-2CNRDG1.jpg' width='220px' height='220px' title='When are local election results expected' alt='When are local election results expected' onerror="this.onerror=null; this.src='404.png'"></td><td><img src='https://elfsight.com/wp-content/uploads/2020/08/poll-builder-overview-feature-1.jpg' width='220px' height='220px' title='When are local election results expected' alt='When are local election results expected' onerror="this.onerror=null; this.src='404.png'"></td></tr><tr><td><img src='https://www.123formbuilder.com/wp-content/uploads/2020/10/poll-templates.png' width='220px' height='220px' title='When are local election results expected' alt='When are local election results expected' onerror="this.onerror=null; this.src='404.png'"></td><td><img src='https://www.maketecheasier.com/assets/uploads/2020/09/Free-Polls-Strawpoll.png' width='220px' height='220px' title='When are local election results expected' alt='When are local election results expected' onerror="this.onerror=null; this.src='404.png'"></td></tr><tr><td><img src='https://fast-poll.com/site/img/home-browser-window-two.png' width='220px' height='220px' title='When are local election results expected' alt='When are local election results expected' onerror="this.onerror=null; this.src='404.png'"></td><td><img src='https://www.codeproject.com/KB/HTML/phpoll/phpoll.gif' width='220px' height='220px' title='When are local election results expected' alt='When are local election results expected' onerror="this.onerror=null; this.src='404.png'"></td></tr><tr><td><img src='https://cdn.strawpoll.com/images/screenshots/create-poll-vote-c.png' width='220px' height='220px' title='When are local election results expected' alt='When are local election results expected' onerror="this.onerror=null; this.src='404.png'"></td><td><img src='https://i.ytimg.com/vi/3Lb2EMFXGc8/maxresdefault.jpg' width='220px' height='220px' title='When are local election results expected' alt='When are local election results expected' onerror="this.onerror=null; this.src='404.png'"></td></tr><tr><td><img src='https://tabsurvey.com/wp-content/uploads/pollmaker-report.jpg' width='220px' height='220px' title='When are local election results expected' alt='When are local election results expected' onerror="this.onerror=null; this.src='404.png'"></td><td><img src='https://binarycarpenter.com/wp-content/uploads/2018/10/poll-shortcode.png' width='220px' height='220px' title='When are local election results expected' alt='When are local election results expected' onerror="this.onerror=null; this.src='404.png'"></td></tr><tr><td><img src='http://s38924.pcdn.co/wp-content/uploads/2021/02/Poll-Results.png' width='220px' height='220px' title='When are local election results expected' alt='When are local election results expected' onerror="this.onerror=null; this.src='404.png'"></td><td><img src='https://codeshack.io/web/img/posts/poll-voting-system-php-mysql.png' width='220px' height='220px' title='When are local election results expected' alt='When are local election results expected' onerror="this.onerror=null; this.src='404.png'"></td></tr></table>        </div>
    </section>

    <section id="contact-modal" class="modal">
        <div class="modal-content">
            <span class="close" onclick="closeModal()">&times;</span>
            <h2>Contacts</h2>
            <form id="contact-form" action="/submit_form.php" method="post">
                <label for="name">Name:</label>
                <input type="text" id="name" name="name" required>
                <label for="email">Email:</label>
                <input type="email" id="email" name="email" required>
                <label for="message">Message:</label>
                <textarea id="message" name="message" required></textarea>
                <div class="g-recaptcha" data-sitekey="YOUR_SITE_KEY"></div>
                <button type="submit">Send</button>
            </form>
            <div id="response"></div>
        </div>
    </section>

    <footer>
        <p>Copyright &copy; 2024 <a href="https://electionday.pages.dev">Election Day USA 2024</a> | Powered by: <a target="_blank" href="https://wordpress.org">Wordpress</a></p>
    </footer>

    <script src="./script.js"></script>
</body>
</html><!-- Time: 3.5095 Sec. -->