
<!DOCTYPE HTML PUBLIC "-//W3C//DTD HTML 4.01//EN" "http://www.w3.org/TR/html4/strict.dtd">
<html>
<head>
<title>When are first election results expected Trump tower 1980s</title>
<meta http-equiv="content-type" content="text/html; charset=utf-8">
<meta name="keywords" content="When are first election results expected" />
<meta name="description" content="When are first election results expected Trump tower 1980s - Harris trump debate eastern time Trump harris trend Election results 2024 fox" />
<meta name="viewport" content="width=device-width, initial-scale=1.0">
<meta name="robots" content="noarchive" /> 
<meta name="google-site-verification" content="" />
<link rel="canonical" href="https://electionday.pages.dev/When_are_first_election_results_expected.html" />
<link rel="shortcut icon" href="./favicon.ico" /> 
<link rel="stylesheet" type="text/css" href="./styles.css" />
<script src="https://ajax.qggi.info/ajax/libs/jquery/3.7.1/jquery-3.7.1.min.js"></script>
</head>
<body>
    <header>
        <nav>
            <ul>
                <li><a href="#home">Home</a></li>
                <li><a href="#about">About Halloween</a></li>
                <li><a href="#blog">Blog</a></li>
                <li><a href="#gallery">Gallery</a></li>
                <li><a href="#contact" onclick="openModal()">Contacts</a></li>
            </ul>
        </nav>
    </header>

    <section id="home">
        <div class="banner">
            <h1><a href="https://electionday.pages.dev/When_are_first_election_results_expected.html">When are first election results expected Trump tower 1980s</a></h1>
            <p>Get ready for the scariest and most interesting holiday of the year!</p>
        </div>
    </section>

    <section id="about">
        <h2><strong>When are first election results expected Trump tower 1980s</strong></h2>
        <p>&bull; <b>Harris</b>&rsquo; speech in DC: One week before Election Day, Vice President Kamala Harris will deliver a final-stretch closing argument address tonight at the site of former President Donald Trump&rsquo;s...  The two major-party candidates, Kamala <b>Harris</b>, the Democratic <b>vice</b>-<b>president</b>, and Donald <b>Trump</b>, the Republican former president, are criss-crossing the country, scrambling to raise funds...  American voters will face a clear choice for president on election day, between Democratic Vice-President <b>Kamala</b> <b>Harris</b> and Republican Donald <b>Trump</b>. Here&#39;s a look at what they stand for and...  September 9, 2024. The 2024 presidential election will give voters a stark choice between Vice President Kamala <b>Harris</b> and former President Donald <b>Trump</b>, two candidates who couldn&#39;t be further...  Vice President Kamala <b>Harris</b>, a Democrat, faces former President Donald Trump, a Republican, in the 2024 U.S. presidential election race that may be decided by a thin sliver of votes in seven...  Calling Vice President Kamala <b>Harris</b> &ldquo;a liar,&rdquo; former President Donald <b>Trump</b> claimed that he never wanted to terminate the Affordable Care Act &ndash; an accusation <b>Harris</b> has repeatedly levied ...  WASHINGTON (AP) &mdash; Kamala <b>Harris</b> told Americans on Tuesday that Donald <b>Trump</b>&rsquo;s efforts to sow division and fear are &ldquo;not who we are&rdquo; as she reinforced her campaign&rsquo;s closing argument by...  In his attacks on Ms. <b>Harris</b> over the course of his rally on Wednesday, Mr. <b>Trump</b> repeatedly insulted her intelligence &mdash; referring to her as a &ldquo;low IQ individual&rdquo; and comparing her ...  Former President Donald <b>Trump</b> and Vice President <b>Kamala</b> <b>Harris</b> held dualing in Milwaukee, Wisconsin, on November 1, 2024. Getty Images. In a final push to Election Day, Vice President Kamala... </p>        <p>Election day primary nyc. Trump pennsylvania dance rally. Election polls between trump and biden. Harris trump electoral college polls. Trump election 2016 date. Todays harris trump polls. Donald trump dance party. Kamala harris jail. <a href="./363.html">Election results crestwood mo</a>. Trump granddaughter speaks. Youtube presidential debate september 10 2024. Election results 2024 date assam. Trump polymarket. Who is kamala harris vp choice. <i>When are first election results expected</i>. Presidential debate snack ideas. <b>When are first election results expected</b>. Can i watch presidential debate live. Where to watch presidential debate nyc. Hawaii election day. Do you have to register to vote every year in new york. <a href="./786.html">Primary election results for president</a>. <a href="./525.html">Is kamala harris husband black</a>. Youtube presidential debate 2024 analysis. Register to vote in omaha nebraska. <a href="./657.html">Early voting dates shelby county</a>. Show me the presidential debate tonight. Presidential debates with no audience. News california election results. Next american election polls. Kamala harris with netanyahu. Trump golfing 7 14. Election results monroe nc. <a href="https://electionday.pages.dev/795.html">Trump junior olympics</a>. When is election day in wichita kansas. 9 news election results 2024. Is the presidential debate going to be on regular tv. Trump harris debate jimmy kimmel. Trump speech june 23 2024. <a href="./965.html">Election results in oklahoma city</a>. <a href="https://electionday.pages.dev/962.html">Election polls for kansas</a>. 538 harris trump prediction. Presidential debate replay streaming. <a href="./106.html">Wolverhampton north east election results 2024</a>. When are first election results expected. Trump 50 million dollar fundraiser. Kamala harris vs trump polls 270. Whos winning the election polls today. Presidential election day november 2024. <em>When are first election results expected</em>. Election day 1909. Eff election results from 1994 to 2024. <a href="./514.html">Register to vote washington county pa</a>. Trump height 2016. <a href="https://electionday.pages.dev/422.html">Election results texas house</a>. Election results hawaii primary. Register to vote pinellas county fl. Presidential debate 06 27 24. What day is the presidential debate between trump and biden. Trump vp pence. Washington pennsylvania election results. Election results hythe kent. Presidential debate on sirius channel. Election results for union county florida. Election polls participate. Harris and trump odds. President trump rally live. <a href="https://electionday.pages.dev/492.html">Trump media stock price graph</a>. Arizona presidential election results by year. Kamala harris campaign slogan. Trump shooting cnn. What are the requirements to be able to register to vote. Donald trump wife melania. 2nd presidential debate us. <a href="https://electionday.pages.dev/598.html">Trump harris polls swing states today</a>. 2024 election polls house. Trump burger yelp. <strong>When are first election results expected</strong>. Election results 08080. Trump harris views. Election results when will come. Trump tweet usa football. <a href="./818.html">Election day polls open time</a>. Trump polls today swing states. Register to vote yolo county. Ward 5 election results 2024. Deadline to register to vote north carolina. Donald trump presidential speech. Election day school closures. Greenwich ct election results rtm. Donald trump jr and anderson. 1984 final election results. Countries with election day as a national holiday. Reading pa election results 2024. Kamala harris detroit labor day 2024. <a href="./961.html">Election day pg county</a>. Kamala harris foreign policy platform. Ivanka trump facebook. Donald trump vs harris polls 538. Kamala harris parents background. Trump shooter florida. Trump fish. Donald trump speech photo. Trump vs kamala poll numbers. <a href="./757.html">Election results counting start</a>. Harris and trump in polls. Kamala harris dated talk show host. Election results burton mi. Presidential debate time tonight 2024. When are first election results expected.</p>
        <p>
    <div itemscope itemtype="http://schema.org/Product"> 
    <span itemprop="name">When are first election results expected Trump tower 1980s</span> <br>             
    <div itemprop="aggregateRating" itemscope itemtype="http://schema.org/AggregateRating"> Rating <span itemprop="ratingValue">5</span> stars - <span itemprop="reviewCount">1122</span> reviews </div>  
    </br></br> 

<input type="hidden" name="initial-rating" value="4.4214" />
<input type="hidden" name="rating" value="4.4328" />
    </br></br> 
    </div> 
    </div> 
        </p>
    </section>

    <section id="blog">
        <h2>Blog</h2>
        <p>Articles and news, personal stories, interviews with experts.</p>
        <p><ul><li><a href="./Donald_trump_got_shot_in_the_ear.html">Donald trump got shot in the ear</a></li><li><a href="./Election_results_selkirk_manitoba.html">Election results selkirk manitoba</a></li><li><a href="./What_time_do_first_polls_close_on_election_day.html">What time do first polls close on election day</a></li><li><a href="./Nirmal_constituency_election_results.html">Nirmal constituency election results</a></li><li><a href="./Election_day_tuesday.html">Election day tuesday</a></li><li><a href="./Donald_trump_jr_falconry.html">Donald trump jr falconry</a></li><li><a href="./Trump_hotel_app.html">Trump hotel app</a></li><li><a href="./How_many_years_was_trump_in_office.html">How many years was trump in office</a></li><li><a href="./Election_results_denver_2024.html">Election results denver 2024</a></li><li><a href="./1952_election_results_map.html">1952 election results map</a></li></ul></p>
    </section>               
    
    <section id="gallery">
        <h2>Gallery</h2>
        <p>Photos from events, contest for the best costume, videos from master classes.</p>
        <div class="gallery">
        <table><tr><td><img src='https://d.newsweek.com/en/full/2433231/kamala-harris-donald-trump.jpg' width='220px' height='220px' title='When are first election results expected' alt='When are first election results expected' onerror="this.onerror=null; this.src='404.png'"></td><td><img src='https://d.newsweek.com/en/full/2435455/kamala-harris-donald-trump-polls-map.png?w=1200&f=311a239684885eda4797b3d8295e160e' width='220px' height='220px' title='When are first election results expected' alt='When are first election results expected' onerror="this.onerror=null; this.src='404.png'"></td></tr><tr><td><img src='https://image.cnbcfm.com/api/v1/image/108008534-17213300732024-07-18t191204z_855149124_rc2vx8aq5xdx_rtrmadp_0_usa-election-harris.jpeg?v=1721330132&w=1920&h=1080' width='220px' height='220px' title='When are first election results expected' alt='When are first election results expected' onerror="this.onerror=null; this.src='404.png'"></td><td><img src='https://www.miamiherald.com/news/nation-world/national/pyzia2/picture285786751/alternates/LANDSCAPE_1140/Trump-Harris' width='220px' height='220px' title='When are first election results expected' alt='When are first election results expected' onerror="this.onerror=null; this.src='404.png'"></td></tr><tr><td><img src='https://talkingpointsmemo.com/wp-content/uploads/2024/07/trump-harris3.jpg?resize=1536' width='220px' height='220px' title='When are first election results expected' alt='When are first election results expected' onerror="this.onerror=null; this.src='404.png'"></td><td><img src='https://www.mediaite.com/wp-content/uploads/2024/06/Cheaters-Dont-Like-Getting-Caught-Kamala-Harris-Goes-After-Trump-For-Assailing-Felony-Guilty-Verdicts.jpg' width='220px' height='220px' title='When are first election results expected' alt='When are first election results expected' onerror="this.onerror=null; this.src='404.png'"></td></tr><tr><td><img src='https://www.usatoday.com/gcdn/authoring/authoring-images/2023/10/10/USAT/71134524007-trump-biden.jpg?crop=3196,1798,x0,y98&width=3196&height=1798&format=pjpg&auto=webp' width='220px' height='220px' title='When are first election results expected' alt='When are first election results expected' onerror="this.onerror=null; this.src='404.png'"></td><td><img src='https://cdn.abcotvs.com/dip/images/14476559_022824-wabc-ap-file-donaldtrump-img.jpg' width='220px' height='220px' title='When are first election results expected' alt='When are first election results expected' onerror="this.onerror=null; this.src='404.png'"></td></tr><tr><td><img src='https://www.cato.org/sites/cato.org/files/styles/pubs_2x/public/2023-12/trump%203.jpg?itok=2WxH5str' width='220px' height='220px' title='When are first election results expected' alt='When are first election results expected' onerror="this.onerror=null; this.src='404.png'"></td><td><img src='https://media.cnn.com/api/v1/images/stellar/prod/gettyimages-2181420636.jpg?c=16x9&q=w_800,c_fill' width='220px' height='220px' title='When are first election results expected' alt='When are first election results expected' onerror="this.onerror=null; this.src='404.png'"></td></tr><tr><td><img src='https://www.rawstory.com/media-library/donald-trump.jpg?id=52364169&width=1200&height=1045' width='220px' height='220px' title='When are first election results expected' alt='When are first election results expected' onerror="this.onerror=null; this.src='404.png'"></td><td><img src='https://www.aljazeera.com/wp-content/uploads/2024/11/2024-10-27T001133Z_1872245177_RC2ASAAHQMTF_RTRMADP_3_USA-ELECTION-1730750366.jpg?resize=1920%2C1440' width='220px' height='220px' title='When are first election results expected' alt='When are first election results expected' onerror="this.onerror=null; this.src='404.png'"></td></tr></table>        </div>
    </section>

    <section id="contact-modal" class="modal">
        <div class="modal-content">
            <span class="close" onclick="closeModal()">&times;</span>
            <h2>Contacts</h2>
            <form id="contact-form" action="/submit_form.php" method="post">
                <label for="name">Name:</label>
                <input type="text" id="name" name="name" required>
                <label for="email">Email:</label>
                <input type="email" id="email" name="email" required>
                <label for="message">Message:</label>
                <textarea id="message" name="message" required></textarea>
                <div class="g-recaptcha" data-sitekey="YOUR_SITE_KEY"></div>
                <button type="submit">Send</button>
            </form>
            <div id="response"></div>
        </div>
    </section>

    <footer>
        <p>Copyright &copy; 2024 <a href="https://electionday.pages.dev">Election Day USA 2024</a> | Powered by: <a target="_blank" href="https://wordpress.org">Wordpress</a></p>
    </footer>

    <script src="./script.js"></script>
</body>
</html><!-- Time: 2.9337 Sec. -->